[     345ms] [WARNING] I0000 00:00:1776451011.890000       1 gl_context_webgl.cc:112] Successfully created a WebGL context with major version 3 and handle 1 @ https://cdn.jsdelivr.net/npm/@mediapipe/tasks-vision@0.10.0/wasm/vision_wasm_internal.js:1086
[     346ms] [WARNING] I0000 00:00:1776451011.890000       1 gl_context.cc:359] GL version: 3.0 (OpenGL ES 3.0 (WebGL 2.0 (OpenGL ES 3.0 Chromium))) @ https://cdn.jsdelivr.net/npm/@mediapipe/tasks-vision@0.10.0/wasm/vision_wasm_internal.js:1086
[     346ms] [WARNING] W0000 00:00:1776451011.890000       1 gl_context.cc:1000] OpenGL error checking is disabled @ https://cdn.jsdelivr.net/npm/@mediapipe/tasks-vision@0.10.0/wasm/vision_wasm_internal.js:1086
[     346ms] [LOG] Graph successfully started running. @ https://cdn.jsdelivr.net/npm/@mediapipe/tasks-vision@0.10.0/wasm/vision_wasm_internal.js:1070
[     399ms] [LOG] Graph finished closing successfully. @ https://cdn.jsdelivr.net/npm/@mediapipe/tasks-vision@0.10.0/wasm/vision_wasm_internal.js:1070
[     399ms] [WARNING] I0000 00:00:1776451011.943000       1 gl_context_webgl.cc:130] Successfully destroyed WebGL context with handle 1 @ https://cdn.jsdelivr.net/npm/@mediapipe/tasks-vision@0.10.0/wasm/vision_wasm_internal.js:1086
[     400ms] [WARNING] I0000 00:00:1776451011.944000       1 gl_context_webgl.cc:112] Successfully created a WebGL context with major version 3 and handle 223 @ https://cdn.jsdelivr.net/npm/@mediapipe/tasks-vision@0.10.0/wasm/vision_wasm_internal.js:1086
[     404ms] [WARNING] I0000 00:00:1776451011.948000       1 gl_context.cc:359] GL version: 3.0 (OpenGL ES 3.0 (WebGL 2.0 (OpenGL ES 3.0 Chromium))) @ https://cdn.jsdelivr.net/npm/@mediapipe/tasks-vision@0.10.0/wasm/vision_wasm_internal.js:1086
[     404ms] [LOG] Graph successfully started running. @ https://cdn.jsdelivr.net/npm/@mediapipe/tasks-vision@0.10.0/wasm/vision_wasm_internal.js:1070
[     412ms] [WARNING] W0417 18:36:51.957000 1819728 face_landmarker_graph.cc:174] Face blendshape model contains CPU only ops. Sets FaceBlendshapesGraph acceleration to Xnnpack. @ https://cdn.jsdelivr.net/npm/@mediapipe/tasks-vision@0.10.3/wasm/vision_wasm_internal.js:8
[     425ms] [LOG] I0417 18:36:51.969000 1819728 gl_context.cc:359] GL version: 3.0 (OpenGL ES 3.0 (WebGL 2.0 (OpenGL ES 3.0 Chromium))), renderer: WebKit WebGL @ https://cdn.jsdelivr.net/npm/@mediapipe/tasks-vision@0.10.3/wasm/vision_wasm_internal.js:8
[     425ms] [WARNING] W0417 18:36:51.970000 1819728 gl_context.cc:1002] OpenGL error checking is disabled @ https://cdn.jsdelivr.net/npm/@mediapipe/tasks-vision@0.10.3/wasm/vision_wasm_internal.js:8
[     426ms] [LOG] Graph successfully started running. @ https://cdn.jsdelivr.net/npm/@mediapipe/tasks-vision@0.10.3/wasm/vision_wasm_internal.js:8
[     560ms] [ERROR] INFO: Created TensorFlow Lite XNNPACK delegate for CPU. @ https://cdn.jsdelivr.net/npm/@mediapipe/tasks-vision@0.10.3/wasm/vision_wasm_internal.js:8
[     564ms] [LOG] Graph finished closing successfully. @ https://cdn.jsdelivr.net/npm/@mediapipe/tasks-vision@0.10.3/wasm/vision_wasm_internal.js:8
[     564ms] [LOG] I0417 18:36:52.108000 1819728 gl_context_webgl.cc:129] Successfully destroyed WebGL context with handle 1 @ https://cdn.jsdelivr.net/npm/@mediapipe/tasks-vision@0.10.3/wasm/vision_wasm_internal.js:8
[     564ms] [WARNING] W0417 18:36:52.109000 1819728 face_landmarker_graph.cc:174] Face blendshape model contains CPU only ops. Sets FaceBlendshapesGraph acceleration to Xnnpack. @ https://cdn.jsdelivr.net/npm/@mediapipe/tasks-vision@0.10.3/wasm/vision_wasm_internal.js:8
[     573ms] [LOG] I0417 18:36:52.118000 1819728 gl_context.cc:359] GL version: 3.0 (OpenGL ES 3.0 (WebGL 2.0 (OpenGL ES 3.0 Chromium))), renderer: WebKit WebGL @ https://cdn.jsdelivr.net/npm/@mediapipe/tasks-vision@0.10.3/wasm/vision_wasm_internal.js:8
[     574ms] [LOG] Graph successfully started running. @ https://cdn.jsdelivr.net/npm/@mediapipe/tasks-vision@0.10.3/wasm/vision_wasm_internal.js:8
[     594ms] [LOG] I0417 18:36:52.138000 1819728 gl_context.cc:359] GL version: 3.0 (OpenGL ES 3.0 (WebGL 2.0 (OpenGL ES 3.0 Chromium))), renderer: WebKit WebGL @ https://cdn.jsdelivr.net/npm/@mediapipe/tasks-vision@0.10.3/wasm/vision_wasm_internal.js:8
[     594ms] [WARNING] W0417 18:36:52.139000 1819728 gl_context.cc:1002] OpenGL error checking is disabled @ https://cdn.jsdelivr.net/npm/@mediapipe/tasks-vision@0.10.3/wasm/vision_wasm_internal.js:8
[     594ms] [LOG] Graph successfully started running. @ https://cdn.jsdelivr.net/npm/@mediapipe/tasks-vision@0.10.3/wasm/vision_wasm_internal.js:8
[     819ms] [LOG] Graph finished closing successfully. @ https://cdn.jsdelivr.net/npm/@mediapipe/tasks-vision@0.10.3/wasm/vision_wasm_internal.js:8
[     820ms] [LOG] I0417 18:36:52.364000 1819728 gl_context_webgl.cc:129] Successfully destroyed WebGL context with handle 1 @ https://cdn.jsdelivr.net/npm/@mediapipe/tasks-vision@0.10.3/wasm/vision_wasm_internal.js:8
[     830ms] [LOG] I0417 18:36:52.375000 1819728 gl_context.cc:359] GL version: 3.0 (OpenGL ES 3.0 (WebGL 2.0 (OpenGL ES 3.0 Chromium))), renderer: WebKit WebGL @ https://cdn.jsdelivr.net/npm/@mediapipe/tasks-vision@0.10.3/wasm/vision_wasm_internal.js:8
[     831ms] [LOG] Graph successfully started running. @ https://cdn.jsdelivr.net/npm/@mediapipe/tasks-vision@0.10.3/wasm/vision_wasm_internal.js:8
[     864ms] [LOG] I0417 18:36:52.408000 1819728 gl_context.cc:359] GL version: 3.0 (OpenGL ES 3.0 (WebGL 2.0 (OpenGL ES 3.0 Chromium))), renderer: WebKit WebGL @ https://cdn.jsdelivr.net/npm/@mediapipe/tasks-vision@0.10.3/wasm/vision_wasm_internal.js:8
[     864ms] [WARNING] W0417 18:36:52.408000 1819728 gl_context.cc:1002] OpenGL error checking is disabled @ https://cdn.jsdelivr.net/npm/@mediapipe/tasks-vision@0.10.3/wasm/vision_wasm_internal.js:8
[     868ms] [LOG] Graph successfully started running. @ https://cdn.jsdelivr.net/npm/@mediapipe/tasks-vision@0.10.3/wasm/vision_wasm_internal.js:8
[    1018ms] [LOG] Graph finished closing successfully. @ https://cdn.jsdelivr.net/npm/@mediapipe/tasks-vision@0.10.3/wasm/vision_wasm_internal.js:8
[    1018ms] [LOG] I0417 18:36:52.563000 1819728 gl_context_webgl.cc:129] Successfully destroyed WebGL context with handle 1 @ https://cdn.jsdelivr.net/npm/@mediapipe/tasks-vision@0.10.3/wasm/vision_wasm_internal.js:8
[    1026ms] [LOG] I0417 18:36:52.570000 1819728 gl_context.cc:359] GL version: 3.0 (OpenGL ES 3.0 (WebGL 2.0 (OpenGL ES 3.0 Chromium))), renderer: WebKit WebGL @ https://cdn.jsdelivr.net/npm/@mediapipe/tasks-vision@0.10.3/wasm/vision_wasm_internal.js:8
[    1026ms] [LOG] Graph successfully started running. @ https://cdn.jsdelivr.net/npm/@mediapipe/tasks-vision@0.10.3/wasm/vision_wasm_internal.js:8
[    1045ms] [LOG] I0417 18:36:52.590000 1813520 gl_context_webgl.cc:112] Successfully created a WebGL context with major version 3 and handle 1 @ https://cdn.jsdelivr.net/npm/@mediapipe/tasks-vision@0.10.2/wasm/vision_wasm_internal.js:8
[    1045ms] [LOG] I0417 18:36:52.590000 1813520 gl_context.cc:359] GL version: 3.0 (OpenGL ES 3.0 (WebGL 2.0 (OpenGL ES 3.0 Chromium))), renderer: WebKit WebGL @ https://cdn.jsdelivr.net/npm/@mediapipe/tasks-vision@0.10.2/wasm/vision_wasm_internal.js:8
[    1046ms] [WARNING] W0417 18:36:52.590000 1813520 gl_context.cc:1002] OpenGL error checking is disabled @ https://cdn.jsdelivr.net/npm/@mediapipe/tasks-vision@0.10.2/wasm/vision_wasm_internal.js:8
[    1046ms] [LOG] Graph successfully started running. @ https://cdn.jsdelivr.net/npm/@mediapipe/tasks-vision@0.10.2/wasm/vision_wasm_internal.js:8
[    1182ms] [LOG] Graph finished closing successfully. @ https://cdn.jsdelivr.net/npm/@mediapipe/tasks-vision@0.10.2/wasm/vision_wasm_internal.js:8
[    1183ms] [LOG] I0417 18:36:52.728000 1813520 gl_context_webgl.cc:130] Successfully destroyed WebGL context with handle 1 @ https://cdn.jsdelivr.net/npm/@mediapipe/tasks-vision@0.10.2/wasm/vision_wasm_internal.js:8
[    1188ms] [LOG] I0417 18:36:52.732000 1813520 gl_context_webgl.cc:112] Successfully created a WebGL context with major version 3 and handle 834 @ https://cdn.jsdelivr.net/npm/@mediapipe/tasks-vision@0.10.2/wasm/vision_wasm_internal.js:8
[    1196ms] [LOG] I0417 18:36:52.740000 1813520 gl_context.cc:359] GL version: 3.0 (OpenGL ES 3.0 (WebGL 2.0 (OpenGL ES 3.0 Chromium))), renderer: WebKit WebGL @ https://cdn.jsdelivr.net/npm/@mediapipe/tasks-vision@0.10.2/wasm/vision_wasm_internal.js:8
[    1196ms] [LOG] Graph successfully started running. @ https://cdn.jsdelivr.net/npm/@mediapipe/tasks-vision@0.10.2/wasm/vision_wasm_internal.js:8
[    1200ms] [WARNING] W0417 18:36:52.744000 1819728 gesture_recognizer_graph.cc:134] Hand Gesture Recognizer contains CPU only ops. Sets HandGestureRecognizerGraph acceleration to Xnnpack. @ https://cdn.jsdelivr.net/npm/@mediapipe/tasks-vision@0.10.3/wasm/vision_wasm_internal.js:8
[    1201ms] [LOG] I0417 18:36:52.746000 1819728 hand_gesture_recognizer_graph.cc:256] Custom gesture classifier is not defined. @ https://cdn.jsdelivr.net/npm/@mediapipe/tasks-vision@0.10.3/wasm/vision_wasm_internal.js:8
[    1214ms] [LOG] I0417 18:36:52.759000 1819728 gl_context.cc:359] GL version: 3.0 (OpenGL ES 3.0 (WebGL 2.0 (OpenGL ES 3.0 Chromium))), renderer: WebKit WebGL @ https://cdn.jsdelivr.net/npm/@mediapipe/tasks-vision@0.10.3/wasm/vision_wasm_internal.js:8
[    1215ms] [WARNING] W0417 18:36:52.759000 1819728 gl_context.cc:1002] OpenGL error checking is disabled @ https://cdn.jsdelivr.net/npm/@mediapipe/tasks-vision@0.10.3/wasm/vision_wasm_internal.js:8
[    1215ms] [LOG] Graph successfully started running. @ https://cdn.jsdelivr.net/npm/@mediapipe/tasks-vision@0.10.3/wasm/vision_wasm_internal.js:8
[    1365ms] [ERROR] INFO: Created TensorFlow Lite XNNPACK delegate for CPU. @ https://cdn.jsdelivr.net/npm/@mediapipe/tasks-vision@0.10.3/wasm/vision_wasm_internal.js:8
[    1367ms] [LOG] Graph finished closing successfully. @ https://cdn.jsdelivr.net/npm/@mediapipe/tasks-vision@0.10.3/wasm/vision_wasm_internal.js:8
[    1367ms] [LOG] I0417 18:36:52.912000 1819728 gl_context_webgl.cc:129] Successfully destroyed WebGL context with handle 1 @ https://cdn.jsdelivr.net/npm/@mediapipe/tasks-vision@0.10.3/wasm/vision_wasm_internal.js:8
[    1368ms] [WARNING] W0417 18:36:52.913000 1819728 gesture_recognizer_graph.cc:134] Hand Gesture Recognizer contains CPU only ops. Sets HandGestureRecognizerGraph acceleration to Xnnpack. @ https://cdn.jsdelivr.net/npm/@mediapipe/tasks-vision@0.10.3/wasm/vision_wasm_internal.js:8
[    1369ms] [LOG] I0417 18:36:52.914000 1819728 hand_gesture_recognizer_graph.cc:256] Custom gesture classifier is not defined. @ https://cdn.jsdelivr.net/npm/@mediapipe/tasks-vision@0.10.3/wasm/vision_wasm_internal.js:8
[    1373ms] [LOG] I0417 18:36:52.918000 1819728 gl_context.cc:359] GL version: 3.0 (OpenGL ES 3.0 (WebGL 2.0 (OpenGL ES 3.0 Chromium))), renderer: WebKit WebGL @ https://cdn.jsdelivr.net/npm/@mediapipe/tasks-vision@0.10.3/wasm/vision_wasm_internal.js:8
[    1374ms] [LOG] Graph successfully started running. @ https://cdn.jsdelivr.net/npm/@mediapipe/tasks-vision@0.10.3/wasm/vision_wasm_internal.js:8
