[     419ms] [WARNING] I0000 00:00:1776450984.047000       1 gl_context_webgl.cc:112] Successfully created a WebGL context with major version 3 and handle 1 @ https://cdn.jsdelivr.net/npm/@mediapipe/tasks-vision@0.10.0/wasm/vision_wasm_internal.js:1086
[     419ms] [WARNING] I0000 00:00:1776450984.048000       1 gl_context.cc:359] GL version: 3.0 (OpenGL ES 3.0 (WebGL 2.0 (OpenGL ES 3.0 Chromium))) @ https://cdn.jsdelivr.net/npm/@mediapipe/tasks-vision@0.10.0/wasm/vision_wasm_internal.js:1086
[     420ms] [WARNING] W0000 00:00:1776450984.048000       1 gl_context.cc:1000] OpenGL error checking is disabled @ https://cdn.jsdelivr.net/npm/@mediapipe/tasks-vision@0.10.0/wasm/vision_wasm_internal.js:1086
[     420ms] [LOG] Graph successfully started running. @ https://cdn.jsdelivr.net/npm/@mediapipe/tasks-vision@0.10.0/wasm/vision_wasm_internal.js:1070
[     475ms] [LOG] Graph finished closing successfully. @ https://cdn.jsdelivr.net/npm/@mediapipe/tasks-vision@0.10.0/wasm/vision_wasm_internal.js:1070
[     476ms] [WARNING] I0000 00:00:1776450984.104000       1 gl_context_webgl.cc:130] Successfully destroyed WebGL context with handle 1 @ https://cdn.jsdelivr.net/npm/@mediapipe/tasks-vision@0.10.0/wasm/vision_wasm_internal.js:1086
[     477ms] [WARNING] I0000 00:00:1776450984.105000       1 gl_context_webgl.cc:112] Successfully created a WebGL context with major version 3 and handle 223 @ https://cdn.jsdelivr.net/npm/@mediapipe/tasks-vision@0.10.0/wasm/vision_wasm_internal.js:1086
[     481ms] [WARNING] I0000 00:00:1776450984.110000       1 gl_context.cc:359] GL version: 3.0 (OpenGL ES 3.0 (WebGL 2.0 (OpenGL ES 3.0 Chromium))) @ https://cdn.jsdelivr.net/npm/@mediapipe/tasks-vision@0.10.0/wasm/vision_wasm_internal.js:1086
[     482ms] [LOG] Graph successfully started running. @ https://cdn.jsdelivr.net/npm/@mediapipe/tasks-vision@0.10.0/wasm/vision_wasm_internal.js:1070
[     502ms] [WARNING] W0417 18:36:24.130000 1819728 face_landmarker_graph.cc:174] Face blendshape model contains CPU only ops. Sets FaceBlendshapesGraph acceleration to Xnnpack. @ https://cdn.jsdelivr.net/npm/@mediapipe/tasks-vision@0.10.3/wasm/vision_wasm_internal.js:8
[     516ms] [LOG] I0417 18:36:24.144000 1819728 gl_context.cc:359] GL version: 3.0 (OpenGL ES 3.0 (WebGL 2.0 (OpenGL ES 3.0 Chromium))), renderer: WebKit WebGL @ https://cdn.jsdelivr.net/npm/@mediapipe/tasks-vision@0.10.3/wasm/vision_wasm_internal.js:8
[     516ms] [WARNING] W0417 18:36:24.144000 1819728 gl_context.cc:1002] OpenGL error checking is disabled @ https://cdn.jsdelivr.net/npm/@mediapipe/tasks-vision@0.10.3/wasm/vision_wasm_internal.js:8
[     516ms] [LOG] Graph successfully started running. @ https://cdn.jsdelivr.net/npm/@mediapipe/tasks-vision@0.10.3/wasm/vision_wasm_internal.js:8
[     653ms] [ERROR] INFO: Created TensorFlow Lite XNNPACK delegate for CPU. @ https://cdn.jsdelivr.net/npm/@mediapipe/tasks-vision@0.10.3/wasm/vision_wasm_internal.js:8
[     657ms] [LOG] Graph finished closing successfully. @ https://cdn.jsdelivr.net/npm/@mediapipe/tasks-vision@0.10.3/wasm/vision_wasm_internal.js:8
[     657ms] [LOG] I0417 18:36:24.286000 1819728 gl_context_webgl.cc:129] Successfully destroyed WebGL context with handle 1 @ https://cdn.jsdelivr.net/npm/@mediapipe/tasks-vision@0.10.3/wasm/vision_wasm_internal.js:8
[     658ms] [WARNING] W0417 18:36:24.286000 1819728 face_landmarker_graph.cc:174] Face blendshape model contains CPU only ops. Sets FaceBlendshapesGraph acceleration to Xnnpack. @ https://cdn.jsdelivr.net/npm/@mediapipe/tasks-vision@0.10.3/wasm/vision_wasm_internal.js:8
[     665ms] [LOG] I0417 18:36:24.293000 1819728 gl_context.cc:359] GL version: 3.0 (OpenGL ES 3.0 (WebGL 2.0 (OpenGL ES 3.0 Chromium))), renderer: WebKit WebGL @ https://cdn.jsdelivr.net/npm/@mediapipe/tasks-vision@0.10.3/wasm/vision_wasm_internal.js:8
[     665ms] [LOG] Graph successfully started running. @ https://cdn.jsdelivr.net/npm/@mediapipe/tasks-vision@0.10.3/wasm/vision_wasm_internal.js:8
[     688ms] [LOG] I0417 18:36:24.316000 1819728 gl_context.cc:359] GL version: 3.0 (OpenGL ES 3.0 (WebGL 2.0 (OpenGL ES 3.0 Chromium))), renderer: WebKit WebGL @ https://cdn.jsdelivr.net/npm/@mediapipe/tasks-vision@0.10.3/wasm/vision_wasm_internal.js:8
[     688ms] [WARNING] W0417 18:36:24.317000 1819728 gl_context.cc:1002] OpenGL error checking is disabled @ https://cdn.jsdelivr.net/npm/@mediapipe/tasks-vision@0.10.3/wasm/vision_wasm_internal.js:8
[     689ms] [LOG] Graph successfully started running. @ https://cdn.jsdelivr.net/npm/@mediapipe/tasks-vision@0.10.3/wasm/vision_wasm_internal.js:8
[     913ms] [LOG] Graph finished closing successfully. @ https://cdn.jsdelivr.net/npm/@mediapipe/tasks-vision@0.10.3/wasm/vision_wasm_internal.js:8
[     913ms] [LOG] I0417 18:36:24.542000 1819728 gl_context_webgl.cc:129] Successfully destroyed WebGL context with handle 1 @ https://cdn.jsdelivr.net/npm/@mediapipe/tasks-vision@0.10.3/wasm/vision_wasm_internal.js:8
[     923ms] [LOG] I0417 18:36:24.552000 1819728 gl_context.cc:359] GL version: 3.0 (OpenGL ES 3.0 (WebGL 2.0 (OpenGL ES 3.0 Chromium))), renderer: WebKit WebGL @ https://cdn.jsdelivr.net/npm/@mediapipe/tasks-vision@0.10.3/wasm/vision_wasm_internal.js:8
[     924ms] [LOG] Graph successfully started running. @ https://cdn.jsdelivr.net/npm/@mediapipe/tasks-vision@0.10.3/wasm/vision_wasm_internal.js:8
[     928ms] [WARNING] W0417 18:36:24.556000 1819728 gesture_recognizer_graph.cc:134] Hand Gesture Recognizer contains CPU only ops. Sets HandGestureRecognizerGraph acceleration to Xnnpack. @ https://cdn.jsdelivr.net/npm/@mediapipe/tasks-vision@0.10.3/wasm/vision_wasm_internal.js:8
[     929ms] [LOG] I0417 18:36:24.557000 1819728 hand_gesture_recognizer_graph.cc:256] Custom gesture classifier is not defined. @ https://cdn.jsdelivr.net/npm/@mediapipe/tasks-vision@0.10.3/wasm/vision_wasm_internal.js:8
[     942ms] [LOG] I0417 18:36:24.571000 1819728 gl_context.cc:359] GL version: 3.0 (OpenGL ES 3.0 (WebGL 2.0 (OpenGL ES 3.0 Chromium))), renderer: WebKit WebGL @ https://cdn.jsdelivr.net/npm/@mediapipe/tasks-vision@0.10.3/wasm/vision_wasm_internal.js:8
[     943ms] [WARNING] W0417 18:36:24.571000 1819728 gl_context.cc:1002] OpenGL error checking is disabled @ https://cdn.jsdelivr.net/npm/@mediapipe/tasks-vision@0.10.3/wasm/vision_wasm_internal.js:8
[     943ms] [LOG] Graph successfully started running. @ https://cdn.jsdelivr.net/npm/@mediapipe/tasks-vision@0.10.3/wasm/vision_wasm_internal.js:8
[    1095ms] [ERROR] INFO: Created TensorFlow Lite XNNPACK delegate for CPU. @ https://cdn.jsdelivr.net/npm/@mediapipe/tasks-vision@0.10.3/wasm/vision_wasm_internal.js:8
[    1097ms] [LOG] Graph finished closing successfully. @ https://cdn.jsdelivr.net/npm/@mediapipe/tasks-vision@0.10.3/wasm/vision_wasm_internal.js:8
[    1098ms] [LOG] I0417 18:36:24.726000 1819728 gl_context_webgl.cc:129] Successfully destroyed WebGL context with handle 1 @ https://cdn.jsdelivr.net/npm/@mediapipe/tasks-vision@0.10.3/wasm/vision_wasm_internal.js:8
[    1099ms] [WARNING] W0417 18:36:24.727000 1819728 gesture_recognizer_graph.cc:134] Hand Gesture Recognizer contains CPU only ops. Sets HandGestureRecognizerGraph acceleration to Xnnpack. @ https://cdn.jsdelivr.net/npm/@mediapipe/tasks-vision@0.10.3/wasm/vision_wasm_internal.js:8
[    1100ms] [LOG] I0417 18:36:24.729000 1819728 hand_gesture_recognizer_graph.cc:256] Custom gesture classifier is not defined. @ https://cdn.jsdelivr.net/npm/@mediapipe/tasks-vision@0.10.3/wasm/vision_wasm_internal.js:8
[    1104ms] [LOG] I0417 18:36:24.733000 1819728 gl_context.cc:359] GL version: 3.0 (OpenGL ES 3.0 (WebGL 2.0 (OpenGL ES 3.0 Chromium))), renderer: WebKit WebGL @ https://cdn.jsdelivr.net/npm/@mediapipe/tasks-vision@0.10.3/wasm/vision_wasm_internal.js:8
[    1105ms] [LOG] Graph successfully started running. @ https://cdn.jsdelivr.net/npm/@mediapipe/tasks-vision@0.10.3/wasm/vision_wasm_internal.js:8
[    1137ms] [LOG] I0417 18:36:24.766000 1819728 gl_context.cc:359] GL version: 3.0 (OpenGL ES 3.0 (WebGL 2.0 (OpenGL ES 3.0 Chromium))), renderer: WebKit WebGL @ https://cdn.jsdelivr.net/npm/@mediapipe/tasks-vision@0.10.3/wasm/vision_wasm_internal.js:8
[    1138ms] [WARNING] W0417 18:36:24.766000 1819728 gl_context.cc:1002] OpenGL error checking is disabled @ https://cdn.jsdelivr.net/npm/@mediapipe/tasks-vision@0.10.3/wasm/vision_wasm_internal.js:8
[    1138ms] [LOG] Graph successfully started running. @ https://cdn.jsdelivr.net/npm/@mediapipe/tasks-vision@0.10.3/wasm/vision_wasm_internal.js:8
[    1287ms] [LOG] Graph finished closing successfully. @ https://cdn.jsdelivr.net/npm/@mediapipe/tasks-vision@0.10.3/wasm/vision_wasm_internal.js:8
[    1288ms] [LOG] I0417 18:36:24.916000 1819728 gl_context_webgl.cc:129] Successfully destroyed WebGL context with handle 1 @ https://cdn.jsdelivr.net/npm/@mediapipe/tasks-vision@0.10.3/wasm/vision_wasm_internal.js:8
[    1295ms] [LOG] I0417 18:36:24.923000 1819728 gl_context.cc:359] GL version: 3.0 (OpenGL ES 3.0 (WebGL 2.0 (OpenGL ES 3.0 Chromium))), renderer: WebKit WebGL @ https://cdn.jsdelivr.net/npm/@mediapipe/tasks-vision@0.10.3/wasm/vision_wasm_internal.js:8
[    1295ms] [LOG] Graph successfully started running. @ https://cdn.jsdelivr.net/npm/@mediapipe/tasks-vision@0.10.3/wasm/vision_wasm_internal.js:8
[    1316ms] [LOG] I0417 18:36:24.944000 1813520 gl_context_webgl.cc:112] Successfully created a WebGL context with major version 3 and handle 1 @ https://cdn.jsdelivr.net/npm/@mediapipe/tasks-vision@0.10.2/wasm/vision_wasm_internal.js:8
[    1316ms] [LOG] I0417 18:36:24.944000 1813520 gl_context.cc:359] GL version: 3.0 (OpenGL ES 3.0 (WebGL 2.0 (OpenGL ES 3.0 Chromium))), renderer: WebKit WebGL @ https://cdn.jsdelivr.net/npm/@mediapipe/tasks-vision@0.10.2/wasm/vision_wasm_internal.js:8
[    1316ms] [WARNING] W0417 18:36:24.945000 1813520 gl_context.cc:1002] OpenGL error checking is disabled @ https://cdn.jsdelivr.net/npm/@mediapipe/tasks-vision@0.10.2/wasm/vision_wasm_internal.js:8
[    1317ms] [LOG] Graph successfully started running. @ https://cdn.jsdelivr.net/npm/@mediapipe/tasks-vision@0.10.2/wasm/vision_wasm_internal.js:8
[    1462ms] [LOG] Graph finished closing successfully. @ https://cdn.jsdelivr.net/npm/@mediapipe/tasks-vision@0.10.2/wasm/vision_wasm_internal.js:8
[    1464ms] [LOG] I0417 18:36:25.092000 1813520 gl_context_webgl.cc:130] Successfully destroyed WebGL context with handle 1 @ https://cdn.jsdelivr.net/npm/@mediapipe/tasks-vision@0.10.2/wasm/vision_wasm_internal.js:8
[    1469ms] [LOG] I0417 18:36:25.097000 1813520 gl_context_webgl.cc:112] Successfully created a WebGL context with major version 3 and handle 834 @ https://cdn.jsdelivr.net/npm/@mediapipe/tasks-vision@0.10.2/wasm/vision_wasm_internal.js:8
[    1476ms] [LOG] I0417 18:36:25.105000 1813520 gl_context.cc:359] GL version: 3.0 (OpenGL ES 3.0 (WebGL 2.0 (OpenGL ES 3.0 Chromium))), renderer: WebKit WebGL @ https://cdn.jsdelivr.net/npm/@mediapipe/tasks-vision@0.10.2/wasm/vision_wasm_internal.js:8
[    1476ms] [LOG] Graph successfully started running. @ https://cdn.jsdelivr.net/npm/@mediapipe/tasks-vision@0.10.2/wasm/vision_wasm_internal.js:8
