[     466ms] [WARNING] I0000 00:00:1776450187.909000       1 gl_context_webgl.cc:112] Successfully created a WebGL context with major version 3 and handle 1 @ https://cdn.jsdelivr.net/npm/@mediapipe/tasks-vision@0.10.0/wasm/vision_wasm_internal.js:1086
[     466ms] [WARNING] I0000 00:00:1776450187.911000       1 gl_context.cc:359] GL version: 3.0 (OpenGL ES 3.0 (WebGL 2.0 (OpenGL ES 3.0 Chromium))) @ https://cdn.jsdelivr.net/npm/@mediapipe/tasks-vision@0.10.0/wasm/vision_wasm_internal.js:1086
[     467ms] [WARNING] W0000 00:00:1776450187.911000       1 gl_context.cc:1000] OpenGL error checking is disabled @ https://cdn.jsdelivr.net/npm/@mediapipe/tasks-vision@0.10.0/wasm/vision_wasm_internal.js:1086
[     468ms] [LOG] Graph successfully started running. @ https://cdn.jsdelivr.net/npm/@mediapipe/tasks-vision@0.10.0/wasm/vision_wasm_internal.js:1070
[    2623ms] [LOG] Graph finished closing successfully. @ https://cdn.jsdelivr.net/npm/@mediapipe/tasks-vision@0.10.0/wasm/vision_wasm_internal.js:1070
[    2624ms] [WARNING] I0000 00:00:1776450190.068000       1 gl_context_webgl.cc:130] Successfully destroyed WebGL context with handle 1 @ https://cdn.jsdelivr.net/npm/@mediapipe/tasks-vision@0.10.0/wasm/vision_wasm_internal.js:1086
[    2625ms] [WARNING] I0000 00:00:1776450190.070000       1 gl_context_webgl.cc:112] Successfully created a WebGL context with major version 3 and handle 223 @ https://cdn.jsdelivr.net/npm/@mediapipe/tasks-vision@0.10.0/wasm/vision_wasm_internal.js:1086
[    2861ms] [WARNING] I0000 00:00:1776450190.306000       1 gl_context.cc:359] GL version: 3.0 (OpenGL ES 3.0 (WebGL 2.0 (OpenGL ES 3.0 Chromium))) @ https://cdn.jsdelivr.net/npm/@mediapipe/tasks-vision@0.10.0/wasm/vision_wasm_internal.js:1086
[    2862ms] [LOG] Graph successfully started running. @ https://cdn.jsdelivr.net/npm/@mediapipe/tasks-vision@0.10.0/wasm/vision_wasm_internal.js:1070
[    2875ms] [WARNING] W0417 18:23:10.319000 1819728 face_landmarker_graph.cc:174] Face blendshape model contains CPU only ops. Sets FaceBlendshapesGraph acceleration to Xnnpack. @ https://cdn.jsdelivr.net/npm/@mediapipe/tasks-vision@0.10.3/wasm/vision_wasm_internal.js:8
[    2902ms] [LOG] I0417 18:23:10.346000 1819728 gl_context.cc:359] GL version: 3.0 (OpenGL ES 3.0 (WebGL 2.0 (OpenGL ES 3.0 Chromium))), renderer: WebKit WebGL @ https://cdn.jsdelivr.net/npm/@mediapipe/tasks-vision@0.10.3/wasm/vision_wasm_internal.js:8
[    2902ms] [WARNING] W0417 18:23:10.346000 1819728 gl_context.cc:1002] OpenGL error checking is disabled @ https://cdn.jsdelivr.net/npm/@mediapipe/tasks-vision@0.10.3/wasm/vision_wasm_internal.js:8
[    2904ms] [LOG] Graph successfully started running. @ https://cdn.jsdelivr.net/npm/@mediapipe/tasks-vision@0.10.3/wasm/vision_wasm_internal.js:8
[    5597ms] [ERROR] INFO: Created TensorFlow Lite XNNPACK delegate for CPU. @ https://cdn.jsdelivr.net/npm/@mediapipe/tasks-vision@0.10.3/wasm/vision_wasm_internal.js:8
[    5608ms] [LOG] Graph finished closing successfully. @ https://cdn.jsdelivr.net/npm/@mediapipe/tasks-vision@0.10.3/wasm/vision_wasm_internal.js:8
[    5609ms] [LOG] I0417 18:23:13.054000 1819728 gl_context_webgl.cc:129] Successfully destroyed WebGL context with handle 1 @ https://cdn.jsdelivr.net/npm/@mediapipe/tasks-vision@0.10.3/wasm/vision_wasm_internal.js:8
[    5610ms] [WARNING] W0417 18:23:13.055000 1819728 face_landmarker_graph.cc:174] Face blendshape model contains CPU only ops. Sets FaceBlendshapesGraph acceleration to Xnnpack. @ https://cdn.jsdelivr.net/npm/@mediapipe/tasks-vision@0.10.3/wasm/vision_wasm_internal.js:8
[    5891ms] [LOG] I0417 18:23:13.335000 1819728 gl_context.cc:359] GL version: 3.0 (OpenGL ES 3.0 (WebGL 2.0 (OpenGL ES 3.0 Chromium))), renderer: WebKit WebGL @ https://cdn.jsdelivr.net/npm/@mediapipe/tasks-vision@0.10.3/wasm/vision_wasm_internal.js:8
[    5892ms] [LOG] Graph successfully started running. @ https://cdn.jsdelivr.net/npm/@mediapipe/tasks-vision@0.10.3/wasm/vision_wasm_internal.js:8
[    5943ms] [LOG] I0417 18:23:13.387000 1813520 gl_context_webgl.cc:112] Successfully created a WebGL context with major version 3 and handle 1 @ https://cdn.jsdelivr.net/npm/@mediapipe/tasks-vision@0.10.2/wasm/vision_wasm_internal.js:8
[    5944ms] [LOG] I0417 18:23:13.388000 1813520 gl_context.cc:359] GL version: 3.0 (OpenGL ES 3.0 (WebGL 2.0 (OpenGL ES 3.0 Chromium))), renderer: WebKit WebGL @ https://cdn.jsdelivr.net/npm/@mediapipe/tasks-vision@0.10.2/wasm/vision_wasm_internal.js:8
[    5944ms] [WARNING] W0417 18:23:13.389000 1813520 gl_context.cc:1002] OpenGL error checking is disabled @ https://cdn.jsdelivr.net/npm/@mediapipe/tasks-vision@0.10.2/wasm/vision_wasm_internal.js:8
[    5946ms] [LOG] Graph successfully started running. @ https://cdn.jsdelivr.net/npm/@mediapipe/tasks-vision@0.10.2/wasm/vision_wasm_internal.js:8
[    8917ms] [LOG] Graph finished closing successfully. @ https://cdn.jsdelivr.net/npm/@mediapipe/tasks-vision@0.10.2/wasm/vision_wasm_internal.js:8
[    8919ms] [LOG] I0417 18:23:16.363000 1813520 gl_context_webgl.cc:130] Successfully destroyed WebGL context with handle 1 @ https://cdn.jsdelivr.net/npm/@mediapipe/tasks-vision@0.10.2/wasm/vision_wasm_internal.js:8
[    8925ms] [LOG] I0417 18:23:16.369000 1813520 gl_context_webgl.cc:112] Successfully created a WebGL context with major version 3 and handle 834 @ https://cdn.jsdelivr.net/npm/@mediapipe/tasks-vision@0.10.2/wasm/vision_wasm_internal.js:8
[    9314ms] [LOG] I0417 18:23:16.758000 1813520 gl_context.cc:359] GL version: 3.0 (OpenGL ES 3.0 (WebGL 2.0 (OpenGL ES 3.0 Chromium))), renderer: WebKit WebGL @ https://cdn.jsdelivr.net/npm/@mediapipe/tasks-vision@0.10.2/wasm/vision_wasm_internal.js:8
[    9314ms] [LOG] Graph successfully started running. @ https://cdn.jsdelivr.net/npm/@mediapipe/tasks-vision@0.10.2/wasm/vision_wasm_internal.js:8
[    9360ms] [LOG] I0417 18:23:16.804000 1819728 gl_context.cc:359] GL version: 3.0 (OpenGL ES 3.0 (WebGL 2.0 (OpenGL ES 3.0 Chromium))), renderer: WebKit WebGL @ https://cdn.jsdelivr.net/npm/@mediapipe/tasks-vision@0.10.3/wasm/vision_wasm_internal.js:8
[    9360ms] [WARNING] W0417 18:23:16.804000 1819728 gl_context.cc:1002] OpenGL error checking is disabled @ https://cdn.jsdelivr.net/npm/@mediapipe/tasks-vision@0.10.3/wasm/vision_wasm_internal.js:8
[    9360ms] [LOG] Graph successfully started running. @ https://cdn.jsdelivr.net/npm/@mediapipe/tasks-vision@0.10.3/wasm/vision_wasm_internal.js:8
[   12536ms] [LOG] Graph finished closing successfully. @ https://cdn.jsdelivr.net/npm/@mediapipe/tasks-vision@0.10.3/wasm/vision_wasm_internal.js:8
[   12536ms] [LOG] I0417 18:23:19.981000 1819728 gl_context_webgl.cc:129] Successfully destroyed WebGL context with handle 1 @ https://cdn.jsdelivr.net/npm/@mediapipe/tasks-vision@0.10.3/wasm/vision_wasm_internal.js:8
[   12720ms] [LOG] I0417 18:23:20.164000 1819728 gl_context.cc:359] GL version: 3.0 (OpenGL ES 3.0 (WebGL 2.0 (OpenGL ES 3.0 Chromium))), renderer: WebKit WebGL @ https://cdn.jsdelivr.net/npm/@mediapipe/tasks-vision@0.10.3/wasm/vision_wasm_internal.js:8
[   12720ms] [LOG] Graph successfully started running. @ https://cdn.jsdelivr.net/npm/@mediapipe/tasks-vision@0.10.3/wasm/vision_wasm_internal.js:8
[   12726ms] [WARNING] W0417 18:23:20.170000 1819728 gesture_recognizer_graph.cc:134] Hand Gesture Recognizer contains CPU only ops. Sets HandGestureRecognizerGraph acceleration to Xnnpack. @ https://cdn.jsdelivr.net/npm/@mediapipe/tasks-vision@0.10.3/wasm/vision_wasm_internal.js:8
[   12728ms] [LOG] I0417 18:23:20.173000 1819728 hand_gesture_recognizer_graph.cc:256] Custom gesture classifier is not defined. @ https://cdn.jsdelivr.net/npm/@mediapipe/tasks-vision@0.10.3/wasm/vision_wasm_internal.js:8
[   12745ms] [LOG] I0417 18:23:20.189000 1819728 gl_context.cc:359] GL version: 3.0 (OpenGL ES 3.0 (WebGL 2.0 (OpenGL ES 3.0 Chromium))), renderer: WebKit WebGL @ https://cdn.jsdelivr.net/npm/@mediapipe/tasks-vision@0.10.3/wasm/vision_wasm_internal.js:8
[   12745ms] [WARNING] W0417 18:23:20.189000 1819728 gl_context.cc:1002] OpenGL error checking is disabled @ https://cdn.jsdelivr.net/npm/@mediapipe/tasks-vision@0.10.3/wasm/vision_wasm_internal.js:8
[   12745ms] [LOG] Graph successfully started running. @ https://cdn.jsdelivr.net/npm/@mediapipe/tasks-vision@0.10.3/wasm/vision_wasm_internal.js:8
[   14363ms] [ERROR] INFO: Created TensorFlow Lite XNNPACK delegate for CPU. @ https://cdn.jsdelivr.net/npm/@mediapipe/tasks-vision@0.10.3/wasm/vision_wasm_internal.js:8
[   14366ms] [LOG] Graph finished closing successfully. @ https://cdn.jsdelivr.net/npm/@mediapipe/tasks-vision@0.10.3/wasm/vision_wasm_internal.js:8
[   14367ms] [LOG] I0417 18:23:21.811000 1819728 gl_context_webgl.cc:129] Successfully destroyed WebGL context with handle 1 @ https://cdn.jsdelivr.net/npm/@mediapipe/tasks-vision@0.10.3/wasm/vision_wasm_internal.js:8
[   14367ms] [WARNING] W0417 18:23:21.812000 1819728 gesture_recognizer_graph.cc:134] Hand Gesture Recognizer contains CPU only ops. Sets HandGestureRecognizerGraph acceleration to Xnnpack. @ https://cdn.jsdelivr.net/npm/@mediapipe/tasks-vision@0.10.3/wasm/vision_wasm_internal.js:8
[   14368ms] [LOG] I0417 18:23:21.813000 1819728 hand_gesture_recognizer_graph.cc:256] Custom gesture classifier is not defined. @ https://cdn.jsdelivr.net/npm/@mediapipe/tasks-vision@0.10.3/wasm/vision_wasm_internal.js:8
[   14400ms] [LOG] I0417 18:23:21.844000 1819728 gl_context.cc:359] GL version: 3.0 (OpenGL ES 3.0 (WebGL 2.0 (OpenGL ES 3.0 Chromium))), renderer: WebKit WebGL @ https://cdn.jsdelivr.net/npm/@mediapipe/tasks-vision@0.10.3/wasm/vision_wasm_internal.js:8
[   14401ms] [LOG] Graph successfully started running. @ https://cdn.jsdelivr.net/npm/@mediapipe/tasks-vision@0.10.3/wasm/vision_wasm_internal.js:8
[   14419ms] [LOG] I0417 18:23:21.864000 1819728 gl_context.cc:359] GL version: 3.0 (OpenGL ES 3.0 (WebGL 2.0 (OpenGL ES 3.0 Chromium))), renderer: WebKit WebGL @ https://cdn.jsdelivr.net/npm/@mediapipe/tasks-vision@0.10.3/wasm/vision_wasm_internal.js:8
[   14420ms] [WARNING] W0417 18:23:21.864000 1819728 gl_context.cc:1002] OpenGL error checking is disabled @ https://cdn.jsdelivr.net/npm/@mediapipe/tasks-vision@0.10.3/wasm/vision_wasm_internal.js:8
[   14420ms] [LOG] Graph successfully started running. @ https://cdn.jsdelivr.net/npm/@mediapipe/tasks-vision@0.10.3/wasm/vision_wasm_internal.js:8
[   14576ms] [LOG] Graph finished closing successfully. @ https://cdn.jsdelivr.net/npm/@mediapipe/tasks-vision@0.10.3/wasm/vision_wasm_internal.js:8
[   14576ms] [LOG] I0417 18:23:22.021000 1819728 gl_context_webgl.cc:129] Successfully destroyed WebGL context with handle 1 @ https://cdn.jsdelivr.net/npm/@mediapipe/tasks-vision@0.10.3/wasm/vision_wasm_internal.js:8
[   14583ms] [LOG] I0417 18:23:22.028000 1819728 gl_context.cc:359] GL version: 3.0 (OpenGL ES 3.0 (WebGL 2.0 (OpenGL ES 3.0 Chromium))), renderer: WebKit WebGL @ https://cdn.jsdelivr.net/npm/@mediapipe/tasks-vision@0.10.3/wasm/vision_wasm_internal.js:8
[   14584ms] [LOG] Graph successfully started running. @ https://cdn.jsdelivr.net/npm/@mediapipe/tasks-vision@0.10.3/wasm/vision_wasm_internal.js:8
