[    2068ms] [WARNING] I0000 00:00:1776449438.905000       1 gl_context_webgl.cc:112] Successfully created a WebGL context with major version 3 and handle 1 @ https://cdn.jsdelivr.net/npm/@mediapipe/tasks-vision@0.10.0/wasm/vision_wasm_internal.js:1086
[    2069ms] [WARNING] I0000 00:00:1776449438.908000       1 gl_context.cc:359] GL version: 3.0 (OpenGL ES 3.0 (WebGL 2.0 (OpenGL ES 3.0 Chromium))) @ https://cdn.jsdelivr.net/npm/@mediapipe/tasks-vision@0.10.0/wasm/vision_wasm_internal.js:1086
[    2070ms] [WARNING] W0000 00:00:1776449438.908000       1 gl_context.cc:1000] OpenGL error checking is disabled @ https://cdn.jsdelivr.net/npm/@mediapipe/tasks-vision@0.10.0/wasm/vision_wasm_internal.js:1086
[    2071ms] [LOG] Graph successfully started running. @ https://cdn.jsdelivr.net/npm/@mediapipe/tasks-vision@0.10.0/wasm/vision_wasm_internal.js:1070
[    4267ms] [LOG] Graph finished closing successfully. @ https://cdn.jsdelivr.net/npm/@mediapipe/tasks-vision@0.10.0/wasm/vision_wasm_internal.js:1070
[    4268ms] [WARNING] I0000 00:00:1776449441.106000       1 gl_context_webgl.cc:130] Successfully destroyed WebGL context with handle 1 @ https://cdn.jsdelivr.net/npm/@mediapipe/tasks-vision@0.10.0/wasm/vision_wasm_internal.js:1086
[    4269ms] [WARNING] I0000 00:00:1776449441.108000       1 gl_context_webgl.cc:112] Successfully created a WebGL context with major version 3 and handle 223 @ https://cdn.jsdelivr.net/npm/@mediapipe/tasks-vision@0.10.0/wasm/vision_wasm_internal.js:1086
[    4511ms] [WARNING] I0000 00:00:1776449441.349000       1 gl_context.cc:359] GL version: 3.0 (OpenGL ES 3.0 (WebGL 2.0 (OpenGL ES 3.0 Chromium))) @ https://cdn.jsdelivr.net/npm/@mediapipe/tasks-vision@0.10.0/wasm/vision_wasm_internal.js:1086
[    4511ms] [LOG] Graph successfully started running. @ https://cdn.jsdelivr.net/npm/@mediapipe/tasks-vision@0.10.0/wasm/vision_wasm_internal.js:1070
[    4534ms] [WARNING] W0417 18:10:41.372000 1819728 face_landmarker_graph.cc:174] Face blendshape model contains CPU only ops. Sets FaceBlendshapesGraph acceleration to Xnnpack. @ https://cdn.jsdelivr.net/npm/@mediapipe/tasks-vision@0.10.3/wasm/vision_wasm_internal.js:8
[    4559ms] [LOG] I0417 18:10:41.397000 1819728 gl_context.cc:359] GL version: 3.0 (OpenGL ES 3.0 (WebGL 2.0 (OpenGL ES 3.0 Chromium))), renderer: WebKit WebGL @ https://cdn.jsdelivr.net/npm/@mediapipe/tasks-vision@0.10.3/wasm/vision_wasm_internal.js:8
[    4559ms] [WARNING] W0417 18:10:41.397000 1819728 gl_context.cc:1002] OpenGL error checking is disabled @ https://cdn.jsdelivr.net/npm/@mediapipe/tasks-vision@0.10.3/wasm/vision_wasm_internal.js:8
[    4561ms] [LOG] Graph successfully started running. @ https://cdn.jsdelivr.net/npm/@mediapipe/tasks-vision@0.10.3/wasm/vision_wasm_internal.js:8
[    7262ms] [ERROR] INFO: Created TensorFlow Lite XNNPACK delegate for CPU. @ https://cdn.jsdelivr.net/npm/@mediapipe/tasks-vision@0.10.3/wasm/vision_wasm_internal.js:8
[    7273ms] [LOG] Graph finished closing successfully. @ https://cdn.jsdelivr.net/npm/@mediapipe/tasks-vision@0.10.3/wasm/vision_wasm_internal.js:8
[    7275ms] [LOG] I0417 18:10:44.113000 1819728 gl_context_webgl.cc:129] Successfully destroyed WebGL context with handle 1 @ https://cdn.jsdelivr.net/npm/@mediapipe/tasks-vision@0.10.3/wasm/vision_wasm_internal.js:8
[    7275ms] [WARNING] W0417 18:10:44.114000 1819728 face_landmarker_graph.cc:174] Face blendshape model contains CPU only ops. Sets FaceBlendshapesGraph acceleration to Xnnpack. @ https://cdn.jsdelivr.net/npm/@mediapipe/tasks-vision@0.10.3/wasm/vision_wasm_internal.js:8
[    7550ms] [LOG] I0417 18:10:44.388000 1819728 gl_context.cc:359] GL version: 3.0 (OpenGL ES 3.0 (WebGL 2.0 (OpenGL ES 3.0 Chromium))), renderer: WebKit WebGL @ https://cdn.jsdelivr.net/npm/@mediapipe/tasks-vision@0.10.3/wasm/vision_wasm_internal.js:8
[    7550ms] [LOG] Graph successfully started running. @ https://cdn.jsdelivr.net/npm/@mediapipe/tasks-vision@0.10.3/wasm/vision_wasm_internal.js:8
[    7614ms] [LOG] I0417 18:10:44.452000 1819728 gl_context.cc:359] GL version: 3.0 (OpenGL ES 3.0 (WebGL 2.0 (OpenGL ES 3.0 Chromium))), renderer: WebKit WebGL @ https://cdn.jsdelivr.net/npm/@mediapipe/tasks-vision@0.10.3/wasm/vision_wasm_internal.js:8
[    7614ms] [WARNING] W0417 18:10:44.453000 1819728 gl_context.cc:1002] OpenGL error checking is disabled @ https://cdn.jsdelivr.net/npm/@mediapipe/tasks-vision@0.10.3/wasm/vision_wasm_internal.js:8
[    7615ms] [LOG] Graph successfully started running. @ https://cdn.jsdelivr.net/npm/@mediapipe/tasks-vision@0.10.3/wasm/vision_wasm_internal.js:8
[   12268ms] [LOG] Graph finished closing successfully. @ https://cdn.jsdelivr.net/npm/@mediapipe/tasks-vision@0.10.3/wasm/vision_wasm_internal.js:8
[   12269ms] [LOG] I0417 18:10:49.107000 1819728 gl_context_webgl.cc:129] Successfully destroyed WebGL context with handle 1 @ https://cdn.jsdelivr.net/npm/@mediapipe/tasks-vision@0.10.3/wasm/vision_wasm_internal.js:8
[   12468ms] [LOG] I0417 18:10:49.307000 1819728 gl_context.cc:359] GL version: 3.0 (OpenGL ES 3.0 (WebGL 2.0 (OpenGL ES 3.0 Chromium))), renderer: WebKit WebGL @ https://cdn.jsdelivr.net/npm/@mediapipe/tasks-vision@0.10.3/wasm/vision_wasm_internal.js:8
[   12469ms] [LOG] Graph successfully started running. @ https://cdn.jsdelivr.net/npm/@mediapipe/tasks-vision@0.10.3/wasm/vision_wasm_internal.js:8
[   12505ms] [LOG] I0417 18:10:49.343000 1819728 gl_context.cc:359] GL version: 3.0 (OpenGL ES 3.0 (WebGL 2.0 (OpenGL ES 3.0 Chromium))), renderer: WebKit WebGL @ https://cdn.jsdelivr.net/npm/@mediapipe/tasks-vision@0.10.3/wasm/vision_wasm_internal.js:8
[   12505ms] [WARNING] W0417 18:10:49.343000 1819728 gl_context.cc:1002] OpenGL error checking is disabled @ https://cdn.jsdelivr.net/npm/@mediapipe/tasks-vision@0.10.3/wasm/vision_wasm_internal.js:8
[   12505ms] [LOG] Graph successfully started running. @ https://cdn.jsdelivr.net/npm/@mediapipe/tasks-vision@0.10.3/wasm/vision_wasm_internal.js:8
[   14341ms] [LOG] Graph finished closing successfully. @ https://cdn.jsdelivr.net/npm/@mediapipe/tasks-vision@0.10.3/wasm/vision_wasm_internal.js:8
[   14341ms] [LOG] I0417 18:10:51.180000 1819728 gl_context_webgl.cc:129] Successfully destroyed WebGL context with handle 1 @ https://cdn.jsdelivr.net/npm/@mediapipe/tasks-vision@0.10.3/wasm/vision_wasm_internal.js:8
[   14372ms] [LOG] I0417 18:10:51.211000 1819728 gl_context.cc:359] GL version: 3.0 (OpenGL ES 3.0 (WebGL 2.0 (OpenGL ES 3.0 Chromium))), renderer: WebKit WebGL @ https://cdn.jsdelivr.net/npm/@mediapipe/tasks-vision@0.10.3/wasm/vision_wasm_internal.js:8
[   14373ms] [LOG] Graph successfully started running. @ https://cdn.jsdelivr.net/npm/@mediapipe/tasks-vision@0.10.3/wasm/vision_wasm_internal.js:8
[   14420ms] [LOG] I0417 18:10:51.257000 1813520 gl_context_webgl.cc:112] Successfully created a WebGL context with major version 3 and handle 1 @ https://cdn.jsdelivr.net/npm/@mediapipe/tasks-vision@0.10.2/wasm/vision_wasm_internal.js:8
[   14420ms] [LOG] I0417 18:10:51.259000 1813520 gl_context.cc:359] GL version: 3.0 (OpenGL ES 3.0 (WebGL 2.0 (OpenGL ES 3.0 Chromium))), renderer: WebKit WebGL @ https://cdn.jsdelivr.net/npm/@mediapipe/tasks-vision@0.10.2/wasm/vision_wasm_internal.js:8
[   14421ms] [WARNING] W0417 18:10:51.260000 1813520 gl_context.cc:1002] OpenGL error checking is disabled @ https://cdn.jsdelivr.net/npm/@mediapipe/tasks-vision@0.10.2/wasm/vision_wasm_internal.js:8
[   14423ms] [LOG] Graph successfully started running. @ https://cdn.jsdelivr.net/npm/@mediapipe/tasks-vision@0.10.2/wasm/vision_wasm_internal.js:8
[   15812ms] [LOG] Graph finished closing successfully. @ https://cdn.jsdelivr.net/npm/@mediapipe/tasks-vision@0.10.2/wasm/vision_wasm_internal.js:8
[   15814ms] [LOG] I0417 18:10:52.652000 1813520 gl_context_webgl.cc:130] Successfully destroyed WebGL context with handle 1 @ https://cdn.jsdelivr.net/npm/@mediapipe/tasks-vision@0.10.2/wasm/vision_wasm_internal.js:8
[   15820ms] [LOG] I0417 18:10:52.659000 1813520 gl_context_webgl.cc:112] Successfully created a WebGL context with major version 3 and handle 834 @ https://cdn.jsdelivr.net/npm/@mediapipe/tasks-vision@0.10.2/wasm/vision_wasm_internal.js:8
[   15995ms] [LOG] I0417 18:10:52.833000 1813520 gl_context.cc:359] GL version: 3.0 (OpenGL ES 3.0 (WebGL 2.0 (OpenGL ES 3.0 Chromium))), renderer: WebKit WebGL @ https://cdn.jsdelivr.net/npm/@mediapipe/tasks-vision@0.10.2/wasm/vision_wasm_internal.js:8
[   15995ms] [LOG] Graph successfully started running. @ https://cdn.jsdelivr.net/npm/@mediapipe/tasks-vision@0.10.2/wasm/vision_wasm_internal.js:8
[   16001ms] [WARNING] W0417 18:10:52.839000 1819728 gesture_recognizer_graph.cc:134] Hand Gesture Recognizer contains CPU only ops. Sets HandGestureRecognizerGraph acceleration to Xnnpack. @ https://cdn.jsdelivr.net/npm/@mediapipe/tasks-vision@0.10.3/wasm/vision_wasm_internal.js:8
[   16003ms] [LOG] I0417 18:10:52.841000 1819728 hand_gesture_recognizer_graph.cc:256] Custom gesture classifier is not defined. @ https://cdn.jsdelivr.net/npm/@mediapipe/tasks-vision@0.10.3/wasm/vision_wasm_internal.js:8
[   16017ms] [LOG] I0417 18:10:52.855000 1819728 gl_context.cc:359] GL version: 3.0 (OpenGL ES 3.0 (WebGL 2.0 (OpenGL ES 3.0 Chromium))), renderer: WebKit WebGL @ https://cdn.jsdelivr.net/npm/@mediapipe/tasks-vision@0.10.3/wasm/vision_wasm_internal.js:8
[   16017ms] [WARNING] W0417 18:10:52.856000 1819728 gl_context.cc:1002] OpenGL error checking is disabled @ https://cdn.jsdelivr.net/npm/@mediapipe/tasks-vision@0.10.3/wasm/vision_wasm_internal.js:8
[   16019ms] [LOG] Graph successfully started running. @ https://cdn.jsdelivr.net/npm/@mediapipe/tasks-vision@0.10.3/wasm/vision_wasm_internal.js:8
[   16173ms] [ERROR] INFO: Created TensorFlow Lite XNNPACK delegate for CPU. @ https://cdn.jsdelivr.net/npm/@mediapipe/tasks-vision@0.10.3/wasm/vision_wasm_internal.js:8
[   16176ms] [LOG] Graph finished closing successfully. @ https://cdn.jsdelivr.net/npm/@mediapipe/tasks-vision@0.10.3/wasm/vision_wasm_internal.js:8
[   16176ms] [LOG] I0417 18:10:53.015000 1819728 gl_context_webgl.cc:129] Successfully destroyed WebGL context with handle 1 @ https://cdn.jsdelivr.net/npm/@mediapipe/tasks-vision@0.10.3/wasm/vision_wasm_internal.js:8
[   16178ms] [WARNING] W0417 18:10:53.016000 1819728 gesture_recognizer_graph.cc:134] Hand Gesture Recognizer contains CPU only ops. Sets HandGestureRecognizerGraph acceleration to Xnnpack. @ https://cdn.jsdelivr.net/npm/@mediapipe/tasks-vision@0.10.3/wasm/vision_wasm_internal.js:8
[   16179ms] [LOG] I0417 18:10:53.017000 1819728 hand_gesture_recognizer_graph.cc:256] Custom gesture classifier is not defined. @ https://cdn.jsdelivr.net/npm/@mediapipe/tasks-vision@0.10.3/wasm/vision_wasm_internal.js:8
[   16184ms] [LOG] I0417 18:10:53.022000 1819728 gl_context.cc:359] GL version: 3.0 (OpenGL ES 3.0 (WebGL 2.0 (OpenGL ES 3.0 Chromium))), renderer: WebKit WebGL @ https://cdn.jsdelivr.net/npm/@mediapipe/tasks-vision@0.10.3/wasm/vision_wasm_internal.js:8
[   16184ms] [LOG] Graph successfully started running. @ https://cdn.jsdelivr.net/npm/@mediapipe/tasks-vision@0.10.3/wasm/vision_wasm_internal.js:8
